mirror-read rows: 466 (federal 296, state/other 170)
  ✓ caed-2026-lohbeck-v-amazon ← https://www.govinfo.gov/content/pkg/USCOURTS-caed-2_26-cv-02007/pdf/USCOURTS-caed-2_26-cv-02007-0.pdf (govinfo)
  ✓ ohsd-2026-arron-v-custer ← https://www.govinfo.gov/content/pkg/USCOURTS-ohsd-2_26-cv-00390/pdf/USCOURTS-ohsd-2_26-cv-00390-1.pdf (govinfo)
  ✓ nmd-2026-lowrey-v-city-of-rio-rancho ← https://www.govinfo.gov/content/pkg/USCOURTS-nmd-1_25-cv-00849/pdf/USCOURTS-nmd-1_25-cv-00849-3.pdf (govinfo)
  ✓ pamd-2026-twigg-v-bsn-sports ← https://www.govinfo.gov/content/pkg/USCOURTS-pamd-4_23-cv-00067/pdf/USCOURTS-pamd-4_23-cv-00067-8.pdf (govinfo)
  ✓ caed-2026-that-xiong-v-minga-wofford ← https://www.govinfo.gov/content/pkg/USCOURTS-caed-1_25-cv-02004/pdf/USCOURTS-caed-1_25-cv-02004-3.pdf (govinfo)
  ✓ insd-2026-davis-v-marion-county-juvenile-detention-cente ← https://www.govinfo.gov/content/pkg/USCOURTS-insd-1_24-cv-01918/pdf/USCOURTS-insd-1_24-cv-01918-5.pdf (govinfo)
  ✓ ca11-2026-downing-v-dwayne-brown ← https://www.govinfo.gov/content/pkg/USCOURTS-ca11-25-14133/pdf/USCOURTS-ca11-25-14133-0.pdf (govinfo)
  ✓ ncmd-2026-curtin-v-watts ← https://www.govinfo.gov/content/pkg/USCOURTS-ncmd-1_25-cv-00782/pdf/USCOURTS-ncmd-1_25-cv-00782-0.pdf (govinfo)
  ✓ laed-2026-taiujuan-burches-v-equifax-information-service ← https://www.govinfo.gov/content/pkg/USCOURTS-laed-2_25-cv-00804/pdf/USCOURTS-laed-2_25-cv-00804-1.pdf (govinfo)
  ✓ ord-2026-redacted-v-united-states-citizenship-and-immig ← https://www.govinfo.gov/content/pkg/USCOURTS-ord-3_24-cv-02135/pdf/USCOURTS-ord-3_24-cv-02135-0.pdf (govinfo)
  ✓ moed-2026-syreeta-lashawn-mcneal-v-vera-l-calvin ← https://www.govinfo.gov/content/pkg/USCOURTS-moed-4_23-cv-01732/pdf/USCOURTS-moed-4_23-cv-01732-5.pdf (govinfo)
  ✓ mnd-2026-harris-v-st-peter-investors ← https://www.govinfo.gov/content/pkg/USCOURTS-mnd-0_25-cv-02237/pdf/USCOURTS-mnd-0_25-cv-02237-0.pdf (govinfo)
  ✓ ca7-2026-nikko-dambrosio-v-meta-platforms ← https://www.govinfo.gov/content/pkg/USCOURTS-ca7-25-02231/pdf/USCOURTS-ca7-25-02231-0.pdf (govinfo)
  ✓ ncmd-2026-bank-of-america-v-mapp ← https://www.govinfo.gov/content/pkg/USCOURTS-ncmd-1_26-cv-00077/pdf/USCOURTS-ncmd-1_26-cv-00077-0.pdf (govinfo)
  ✓ okwd-2026-jane-doe-v-mount-saint-mary-high-school ← https://www.govinfo.gov/content/pkg/USCOURTS-okwd-5_22-cv-00992/pdf/USCOURTS-okwd-5_22-cv-00992-3.pdf (govinfo)
  ✓ nyed-2026-henri-giovani-morales-jimenez-v-christopher-sh ← https://www.govinfo.gov/content/pkg/USCOURTS-nyed-2_26-cv-01501/pdf/USCOURTS-nyed-2_26-cv-01501-0.pdf (govinfo)
  ✓ caed-2026-pyle-v-glenn-county-sheriff-s-department ← https://www.govinfo.gov/content/pkg/USCOURTS-caed-2_24-cv-02940/pdf/USCOURTS-caed-2_24-cv-02940-3.pdf (govinfo)
  ✓ laed-2026-burches-v-equifax-information-services ← https://www.govinfo.gov/content/pkg/USCOURTS-laed-2_25-cv-00804/pdf/USCOURTS-laed-2_25-cv-00804-0.pdf (govinfo)
  ✓ okwd-2026-kristina-crist-v-roy-chris-west ← https://www.govinfo.gov/content/pkg/USCOURTS-okwd-5_25-cv-01446/pdf/USCOURTS-okwd-5_25-cv-01446-1.pdf (govinfo)
  ✓ nmd-2026-neri-v-board-of-education-for-albuquerque-public-schools ← https://www.govinfo.gov/content/pkg/USCOURTS-nmd-1_19-cv-00008/pdf/USCOURTS-nmd-1_19-cv-00008-11.pdf (govinfo)
  ✓ cand-2026-gregoire-v-board-of-trustees-of-sf-bart ← https://www.govinfo.gov/content/pkg/USCOURTS-cand-3_25-cv-02150/pdf/USCOURTS-cand-3_25-cv-02150-5.pdf (govinfo)
  ✓ nyed-2026-terrance-anthony-norris-v-jpmorgan-chase-bank-n-a ← https://www.govinfo.gov/content/pkg/USCOURTS-nyed-2_25-cv-03231/pdf/USCOURTS-nyed-2_25-cv-03231-1.pdf (govinfo)
  ✓ hid-2026-moore-v-mc-architects ← https://www.govinfo.gov/content/pkg/USCOURTS-hid-1_24-cv-00367/pdf/USCOURTS-hid-1_24-cv-00367-1.pdf (govinfo)
  ✓ mnd-2026-randolph-v-erick-berscheid-trucking ← https://www.govinfo.gov/content/pkg/USCOURTS-mnd-0_25-cv-04526/pdf/USCOURTS-mnd-0_25-cv-04526-0.pdf (govinfo)
  ✓ med-2026-jessica-fuller-v-hyde-school ← https://www.govinfo.gov/content/pkg/USCOURTS-med-2_25-cv-00354/pdf/USCOURTS-med-2_25-cv-00354-0.pdf (govinfo)
  ✓ utd-2026-regan-wilkes-v-canyons-school-district ← https://www.govinfo.gov/content/pkg/USCOURTS-utd-2_25-cv-00218/pdf/USCOURTS-utd-2_25-cv-00218-2.pdf (govinfo)
  ✓ ca11-2026-eliott-williamson-v-transunion-experian-information-solutions ← https://www.govinfo.gov/content/pkg/USCOURTS-ca11-25-13045/pdf/USCOURTS-ca11-25-13045-0.pdf (govinfo)
  ✓ mdd-2026-devin-a-robinson-v-velosio ← https://www.govinfo.gov/content/pkg/USCOURTS-mdd-1_25-cv-02270/pdf/USCOURTS-mdd-1_25-cv-02270-0.pdf (govinfo)
  ✓ gamd-2026-chamberlain-v-city-of-albany ← https://www.govinfo.gov/content/pkg/USCOURTS-gamd-1_25-cv-00123/pdf/USCOURTS-gamd-1_25-cv-00123-0.pdf (govinfo)
  ✓ nmd-2026-rasheem-carter-v-uzglobal ← https://www.govinfo.gov/content/pkg/USCOURTS-nmd-1_23-cv-01013/pdf/USCOURTS-nmd-1_23-cv-01013-7.pdf (govinfo)
  ✓ mdd-2026-yasmani-gurri-rubio-v-markwayne-mullin ← https://www.govinfo.gov/content/pkg/USCOURTS-mdd-1_25-cv-02756/pdf/USCOURTS-mdd-1_25-cv-02756-0.pdf (govinfo)
  ✓ nyed-2026-superb-motors-v-anthony-deo ← https://www.govinfo.gov/content/pkg/USCOURTS-nyed-2_23-cv-06188/pdf/USCOURTS-nyed-2_23-cv-06188-20.pdf (govinfo)
  ✓ mdd-2026-darrin-l-johnson-jr-v-nationstar-mortgage ← https://www.govinfo.gov/content/pkg/USCOURTS-mdd-1_25-cv-00855/pdf/USCOURTS-mdd-1_25-cv-00855-2.pdf (govinfo)
  ✓ paed-2026-jamal-berry-v-early-warning-services ← https://www.govinfo.gov/content/pkg/USCOURTS-paed-2_25-cv-04638/pdf/USCOURTS-paed-2_25-cv-04638-0.pdf (govinfo)
  ✓ azd-2026-bathsheba-nichole-adams-v-kiewit-infrastructure-west ← https://www.govinfo.gov/content/pkg/USCOURTS-azd-2_25-cv-01823/pdf/USCOURTS-azd-2_25-cv-01823-1.pdf (govinfo)
  ✓ ksd-2026-justin-spiehs-v-erik-smith ← https://www.govinfo.gov/content/pkg/USCOURTS-ksd-5_25-cv-04067/pdf/USCOURTS-ksd-5_25-cv-04067-1.pdf (govinfo)
  ✓ ca5-2026-in-matter-of-ikechukwu-h-okorie ← https://www.govinfo.gov/content/pkg/USCOURTS-ca5-25-60490/pdf/USCOURTS-ca5-25-60490-0.pdf (govinfo)
  ✓ mdd-2026-jane-doe-v-baltimore-city-board-of-school-commissioners ← https://www.govinfo.gov/content/pkg/USCOURTS-mdd-1_23-cv-02899/pdf/USCOURTS-mdd-1_23-cv-02899-1.pdf (govinfo)
  ✓ cand-2026-anthony-c-hill-v-workday ← https://www.govinfo.gov/content/pkg/USCOURTS-cand-3_23-cv-06558/pdf/USCOURTS-cand-3_23-cv-06558-4.pdf (govinfo)
  ✓ ncmd-2026-brandon-rulund-akins-v-tashi-latwon-ratliff ← https://www.govinfo.gov/content/pkg/USCOURTS-ncmd-1_25-cv-00712/pdf/USCOURTS-ncmd-1_25-cv-00712-0.pdf (govinfo)
  ✓ alnd-2026-tunstall-v-alabama-department-of-corrections ← https://www.govinfo.gov/content/pkg/USCOURTS-alnd-2_24-cv-01504/pdf/USCOURTS-alnd-2_24-cv-01504-1.pdf (govinfo)
  ✓ cand-2026-louis-l-ligon-iii-v-meta-platforms ← https://www.govinfo.gov/content/pkg/USCOURTS-cand-1_25-cv-03959/pdf/USCOURTS-cand-1_25-cv-03959-1.pdf (govinfo)
  ✓ tned-2026-pate-v-cmg-mortgage ← https://www.govinfo.gov/content/pkg/USCOURTS-tned-1_25-cv-00349/pdf/USCOURTS-tned-1_25-cv-00349-0.pdf (govinfo)
  ✓ mdd-2026-ali-behroz-aziz-v-united-states-of-america ← https://www.govinfo.gov/content/pkg/USCOURTS-mdd-1_26-cv-00243/pdf/USCOURTS-mdd-1_26-cv-00243-0.pdf (govinfo)
  ✓ txsd-2026-moore-v-wireless-cctv ← https://www.govinfo.gov/content/pkg/USCOURTS-txsd-4_25-cv-05476/pdf/USCOURTS-txsd-4_25-cv-05476-0.pdf (govinfo)
  ✓ ca5-2026-united-states-v-jose-marquez ← https://www.govinfo.gov/content/pkg/USCOURTS-ca5-25-50866/pdf/USCOURTS-ca5-25-50866-0.pdf (govinfo)
  ✓ ca10-2026-ryan-michael-jarvis-v-county-of-teton-wyoming ← https://www.govinfo.gov/content/pkg/USCOURTS-ca10-25-08034/pdf/USCOURTS-ca10-25-08034-0.pdf (govinfo)
  ✓ akd-2026-gunter-v-contango-ore ← https://www.govinfo.gov/content/pkg/USCOURTS-akd-3_25-cv-00307/pdf/USCOURTS-akd-3_25-cv-00307-0.pdf (govinfo)
  ✓ insd-2026-philip-d-dennison-v-june-caudill ← https://www.govinfo.gov/content/pkg/USCOURTS-insd-2_26-cv-00255/pdf/USCOURTS-insd-2_26-cv-00255-0.pdf (govinfo)
  ✓ caed-2026-krista-c-geddes-v-loancare ← https://www.govinfo.gov/content/pkg/USCOURTS-caed-2_25-cv-02955/pdf/USCOURTS-caed-2_25-cv-02955-4.pdf (govinfo)
  ✓ azd-2026-daniel-dagostino-v-circle-k-stores-incorporated ← https://www.govinfo.gov/content/pkg/USCOURTS-azd-2_26-cv-01225/pdf/USCOURTS-azd-2_26-cv-01225-1.pdf (govinfo)
  ✓ utd-2026-primerica-life-insurance-v-daniel-vett-finlayson-michelle-johnson ← https://www.govinfo.gov/content/pkg/USCOURTS-utd-2_24-cv-00779/pdf/USCOURTS-utd-2_24-cv-00779-0.pdf (govinfo)
  ✓ cod-2026-jamie-lee-saunders-v-albertsons-safeway ← https://www.govinfo.gov/content/pkg/USCOURTS-cod-1_24-cv-00814/pdf/USCOURTS-cod-1_24-cv-00814-2.pdf (govinfo)
  ✓ insd-2026-cynthia-white-v-walmart ← https://www.govinfo.gov/content/pkg/USCOURTS-insd-1_25-cv-01120/pdf/USCOURTS-insd-1_25-cv-01120-0.pdf (govinfo)
  ✓ caed-2026-shaw-v-city-of-portola ← https://www.govinfo.gov/content/pkg/USCOURTS-caed-2_25-cv-02461/pdf/USCOURTS-caed-2_25-cv-02461-4.pdf (govinfo)
  ✓ ord-2026-steven-nemec-v-kelsey-kanoelani-alao-and-alyssa-jade-alao ← https://www.govinfo.gov/content/pkg/USCOURTS-ord-3_26-cv-00083/pdf/USCOURTS-ord-3_26-cv-00083-0.pdf (govinfo)
  ✓ lawb-2026-in-re-troylond-malon-wise ← https://www.govinfo.gov/content/pkg/USCOURTS-lawb-4_25-bk-51132/pdf/USCOURTS-lawb-4_25-bk-51132-0.pdf (govinfo)
  ✓ okwd-2026-blackburn-v-united-states ← https://www.govinfo.gov/content/pkg/USCOURTS-okwd-5_22-cv-00983/pdf/USCOURTS-okwd-5_22-cv-00983-7.pdf (govinfo)
  ✓ cand-2026-thanh-nguy-v-jabil ← https://www.govinfo.gov/content/pkg/USCOURTS-cand-5_24-cv-06798/pdf/USCOURTS-cand-5_24-cv-06798-0.pdf (govinfo)
  ✓ ctb-2026-in-re-kathleen-a-rabon ← https://www.govinfo.gov/content/pkg/USCOURTS-ctb-2_25-bk-21127/pdf/USCOURTS-ctb-2_25-bk-21127-0.pdf (govinfo)
  ✓ cand-2026-najafpir-v-wells-fargo-bank-n-a ← https://www.govinfo.gov/content/pkg/USCOURTS-cand-4_24-cv-03372/pdf/USCOURTS-cand-4_24-cv-03372-0.pdf (govinfo)
  ✓ azd-2026-kevin-d-turnage-v-robert-f-kennedy ← https://www.govinfo.gov/content/pkg/USCOURTS-azd-2_25-cv-03367/pdf/USCOURTS-azd-2_25-cv-03367-0.pdf (govinfo)
  ✓ cand-2026-saqib-kafeel-v-apple ← https://www.govinfo.gov/content/pkg/USCOURTS-cand-3_26-cv-00330/pdf/USCOURTS-cand-3_26-cv-00330-2.pdf (govinfo)
  ✓ alsd-2026-heimkes-v-fairhope-motorcoach-resort ← https://www.govinfo.gov/content/pkg/USCOURTS-alsd-1_22-cv-00448/pdf/USCOURTS-alsd-1_22-cv-00448-9.pdf (govinfo)
  ✓ ctd-2026-christopher-a-ambrose-v-bandy-x-lee ← https://www.govinfo.gov/content/pkg/USCOURTS-ctd-3_25-cv-00398/pdf/USCOURTS-ctd-3_25-cv-00398-0.pdf (govinfo)
  ✓ dcd-2026-nguedi-v-general-dynamics-information-technology ← https://www.govinfo.gov/content/pkg/USCOURTS-dcd-1_23-cv-02965/pdf/USCOURTS-dcd-1_23-cv-02965-2.pdf (govinfo)
  ✓ dcd-2026-zavadovsky-v-republic-of-austria ← https://www.govinfo.gov/content/pkg/USCOURTS-dcd-1_25-cv-01008/pdf/USCOURTS-dcd-1_25-cv-01008-0.pdf (govinfo)
  ✓ ohsd-2026-quandel-construction-group-v-hunt-construction-group ← https://www.govinfo.gov/content/pkg/USCOURTS-ohsd-2_24-cv-02362/pdf/USCOURTS-ohsd-2_24-cv-02362-1.pdf (govinfo)
  ✓ azd-2026-chelsea-montes-v-suns-legacy-partners ← https://www.govinfo.gov/content/pkg/USCOURTS-azd-2_25-cv-01295/pdf/USCOURTS-azd-2_25-cv-01295-0.pdf (govinfo)
  ✓ moed-2026-jaii-leshawn-quinones-v-unknown-love ← https://www.govinfo.gov/content/pkg/USCOURTS-moed-4_25-cv-01202/pdf/USCOURTS-moed-4_25-cv-01202-1.pdf (govinfo)
  ✓ ksd-2026-ford-v-sherwin-williams ← https://www.govinfo.gov/content/pkg/USCOURTS-ksd-6_25-cv-01022/pdf/USCOURTS-ksd-6_25-cv-01022-4.pdf (govinfo)
  ✓ ctd-2026-jacobs-v-payward ← https://www.govinfo.gov/content/pkg/USCOURTS-ctd-3_25-cv-00567/pdf/USCOURTS-ctd-3_25-cv-00567-0.pdf (govinfo)
  ✓ nywd-2026-beedemariam-kassaw-v-wal-mart ← https://www.govinfo.gov/content/pkg/USCOURTS-nywd-6_23-cv-06181/pdf/USCOURTS-nywd-6_23-cv-06181-1.pdf (govinfo)
  ✓ mad-2026-souza-v-city-of-fitchburg ← https://www.govinfo.gov/content/pkg/USCOURTS-mad-4_25-cv-40089/pdf/USCOURTS-mad-4_25-cv-40089-0.pdf (govinfo)
  ✓ tnwd-2026-randel-edward-page-jr-v-apperson-crump ← https://www.govinfo.gov/content/pkg/USCOURTS-tnwd-1_26-cv-01037/pdf/USCOURTS-tnwd-1_26-cv-01037-0.pdf (govinfo)
  ✓ tnwd-2026-edward-reynolds-v-progressive-technologies ← https://www.govinfo.gov/content/pkg/USCOURTS-tnwd-2_25-cv-02529/pdf/USCOURTS-tnwd-2_25-cv-02529-0.pdf (govinfo)
  ✓ ca7-2026-danuta-dec-v-homeland-security ← https://www.govinfo.gov/content/pkg/USCOURTS-ca7-25-02417/pdf/USCOURTS-ca7-25-02417-0.pdf (govinfo)
  ✓ ord-2026-shaun-fleck-v-del-one-federal ← https://www.govinfo.gov/content/pkg/USCOURTS-ord-3_25-cv-01048/pdf/USCOURTS-ord-3_25-cv-01048-1.pdf (govinfo)
  ✓ ord-2026-yves-hector-vimegnon-v-gallagher-bassett-services ← https://www.govinfo.gov/content/pkg/USCOURTS-ord-3_25-cv-00572/pdf/USCOURTS-ord-3_25-cv-00572-1.pdf (govinfo)
  ✓ njd-2026-baker-v-rastelli-foods ← https://www.govinfo.gov/content/pkg/USCOURTS-njd-1_24-cv-08882/pdf/USCOURTS-njd-1_24-cv-08882-0.pdf (govinfo)
  ✓ ohnd-2026-hong-chris-lu-v-capital-one-n ← https://www.govinfo.gov/content/pkg/USCOURTS-ohnd-1_25-cv-01057/pdf/USCOURTS-ohnd-1_25-cv-01057-2.pdf (govinfo)
  ✓ flsd-2026-jorge-a-zea-v-national-association-of ← https://www.govinfo.gov/content/pkg/USCOURTS-flsd-9_25-cv-81016/pdf/USCOURTS-flsd-9_25-cv-81016-4.pdf (govinfo)
  ✓ ca10-2026-kevin-lee-biglow-v-dell-technologies ← https://www.govinfo.gov/content/pkg/USCOURTS-ca10-25-03007/pdf/USCOURTS-ca10-25-03007-0.pdf (govinfo)
  ✓ azd-2026-segui-v-moniz ← https://www.govinfo.gov/content/pkg/USCOURTS-azd-2_25-cv-01849/pdf/USCOURTS-azd-2_25-cv-01849-0.pdf (govinfo)
  ✓ utd-2026-and-barbara-moulder-v-davis-school-district ← https://www.govinfo.gov/content/pkg/USCOURTS-utd-1_25-cv-00052/pdf/USCOURTS-utd-1_25-cv-00052-1.pdf (govinfo)
  ✓ ord-2026-stafford-v-andrew-taffet ← https://www.govinfo.gov/content/pkg/USCOURTS-ord-1_24-cv-01612/pdf/USCOURTS-ord-1_24-cv-01612-1.pdf (govinfo)
  ✓ oked-2026-oscar-brownfield-v-cherokee-county-school ← https://www.govinfo.gov/content/pkg/USCOURTS-oked-6_21-cv-00312/pdf/USCOURTS-oked-6_21-cv-00312-6.pdf (govinfo)
  ✓ ca5-2026-michael-wayne-singletary-v-swbc-mortgage ← https://www.govinfo.gov/content/pkg/USCOURTS-ca5-25-20441/pdf/USCOURTS-ca5-25-20441-0.pdf (govinfo)
  ✓ ksd-2026-zesiger-v-kansas ← https://www.govinfo.gov/content/pkg/USCOURTS-ksd-2_25-cv-02354/pdf/USCOURTS-ksd-2_25-cv-02354-0.pdf (govinfo)
  ✓ pamd-2026-domingo-beato-estrella-v-m-arviza ← https://www.govinfo.gov/content/pkg/USCOURTS-pamd-3_26-cv-00245/pdf/USCOURTS-pamd-3_26-cv-00245-0.pdf (govinfo)
  ✓ txnd-2026-hartmann-v-davidson ← https://www.govinfo.gov/content/pkg/USCOURTS-txnd-3_24-cv-02317/pdf/USCOURTS-txnd-3_24-cv-02317-0.pdf (govinfo)
  ✓ okwd-2026-dillon-v-myles-stephenson ← https://www.govinfo.gov/content/pkg/USCOURTS-okwd-5_25-cv-00484/pdf/USCOURTS-okwd-5_25-cv-00484-1.pdf (govinfo)
  ✓ mad-2026-traver-v-general-motors-financial ← https://www.govinfo.gov/content/pkg/USCOURTS-mad-1_25-cv-11890/pdf/USCOURTS-mad-1_25-cv-11890-0.pdf (govinfo)
  ✓ miwd-2026-checks-aciek-ateny-nai-v-national-asset-mortgage ← https://www.govinfo.gov/content/pkg/USCOURTS-miwd-1_24-cv-00666/pdf/USCOURTS-miwd-1_24-cv-00666-0.pdf (govinfo)
  ✓ azd-2026-hunter-v-tforce-freight-incorporated ← https://www.govinfo.gov/content/pkg/USCOURTS-azd-2_26-cv-00122/pdf/USCOURTS-azd-2_26-cv-00122-2.pdf (govinfo)
  ✓ ilsd-2026-tina-rose-v-city-of-west-frankfort ← https://www.govinfo.gov/content/pkg/USCOURTS-ilsd-3_25-cv-00845/pdf/USCOURTS-ilsd-3_25-cv-00845-9.pdf (govinfo)
  ✓ insd-2026-michael-platt-v-volunteers-of-america-ohio-and-indiana ← https://www.govinfo.gov/content/pkg/USCOURTS-insd-1_25-cv-01866/pdf/USCOURTS-insd-1_25-cv-01866-0.pdf (govinfo)
  ✓ mad-2026-gregory-j-van-etten-v-stephanie-k-fattman ← https://www.govinfo.gov/content/pkg/USCOURTS-mad-4_24-cv-40113/pdf/USCOURTS-mad-4_24-cv-40113-2.pdf (govinfo)
  ✓ dcd-2026-andre-lamont-goddard-jr-v-city-university-of-seattle ← https://www.govinfo.gov/content/pkg/USCOURTS-dcd-1_25-cv-01881/pdf/USCOURTS-dcd-1_25-cv-01881-0.pdf (govinfo)
  ✓ laed-2026-woodward-harbor-v-city-of-mandeville ← https://www.govinfo.gov/content/pkg/USCOURTS-laed-2_23-cv-05824/pdf/USCOURTS-laed-2_23-cv-05824-4.pdf (govinfo)
  ✓ njd-2026-lawand-hill-v-sloppy-vinyl ← https://www.govinfo.gov/content/pkg/USCOURTS-njd-2_25-cv-15238/pdf/USCOURTS-njd-2_25-cv-15238-0.pdf (govinfo)
  ✓ nynd-2026-jeri-yah-ford-v-troy-city-school-district ← https://www.govinfo.gov/content/pkg/USCOURTS-nynd-1_25-cv-00364/pdf/USCOURTS-nynd-1_25-cv-00364-0.pdf (govinfo)
  ✓ cacb-2026-in-re-lusine-hakhverdyan ← https://www.govinfo.gov/content/pkg/USCOURTS-cacb-1_25-bk-11049/pdf/USCOURTS-cacb-1_25-bk-11049-0.pdf (govinfo)
  ✓ txed-2026-fabian-antonio-thomas-v-officer-skylar-sillivent ← https://www.govinfo.gov/content/pkg/USCOURTS-txed-4_25-cv-01207/pdf/USCOURTS-txed-4_25-cv-01207-0.pdf (govinfo)
  ✓ azd-2026-perry-v-exeter-finance ← https://www.govinfo.gov/content/pkg/USCOURTS-azd-2_25-cv-01552/pdf/USCOURTS-azd-2_25-cv-01552-1.pdf (govinfo)
  ✓ txwd-2026-david-thomas-v-the-quikrete-companies ← https://www.govinfo.gov/content/pkg/USCOURTS-txwd-5_23-cv-00638/pdf/USCOURTS-txwd-5_23-cv-00638-0.pdf (govinfo)
  ✓ ohsd-2026-kettering-adventist-healthcare-v-sandra-collier ← https://www.govinfo.gov/content/pkg/USCOURTS-ohsd-3_25-cv-00273/pdf/USCOURTS-ohsd-3_25-cv-00273-5.pdf (govinfo)
  ✓ arwd-2026-christina-leas-dunn-v-nelnet ← https://www.govinfo.gov/content/pkg/USCOURTS-arwd-5_25-cv-05107/pdf/USCOURTS-arwd-5_25-cv-05107-0.pdf (govinfo)
  ✓ ksd-2026-roosevelt-hunt-jr-v-true-sky-federal-credit ← https://www.govinfo.gov/content/pkg/USCOURTS-ksd-6_25-cv-01209/pdf/USCOURTS-ksd-6_25-cv-01209-0.pdf (govinfo)
  ✓ caed-2026-juan-villalovos-gutierrez-v-gerard-van-de-pol ← https://www.govinfo.gov/content/pkg/USCOURTS-caed-2_24-cv-02305/pdf/USCOURTS-caed-2_24-cv-02305-5.pdf (govinfo)
  ✓ txsd-2026-kenneth-hawkins-v-i-c-system ← https://www.govinfo.gov/content/pkg/USCOURTS-txsd-4_25-cv-02194/pdf/USCOURTS-txsd-4_25-cv-02194-0.pdf (govinfo)
  ✓ txnd-2026-shawn-olali-v-ampex-brands ← https://www.govinfo.gov/content/pkg/USCOURTS-txnd-3_25-cv-01602/pdf/USCOURTS-txnd-3_25-cv-01602-1.pdf (govinfo)
  ✓ flsd-2026-juandel-pena-and-martina-ruiz-v-wells-fargo-bank ← https://www.govinfo.gov/content/pkg/USCOURTS-flsd-0_25-cv-62431/pdf/USCOURTS-flsd-0_25-cv-62431-0.pdf (govinfo)
  ✓ ca5-2026-fletcher-v-experian-information-solutions-and-bridgecrest-cred ← https://www.govinfo.gov/content/pkg/USCOURTS-ca5-25-20086/pdf/USCOURTS-ca5-25-20086-1.pdf (govinfo)
  ✓ ord-2026-david-martin-v-ods-community-dental-insurance ← https://www.govinfo.gov/content/pkg/USCOURTS-ord-3_26-cv-00298/pdf/USCOURTS-ord-3_26-cv-00298-0.pdf (govinfo)
  ✓ ksd-2026-kennon-v-ashley ← https://www.govinfo.gov/content/pkg/USCOURTS-ksd-5_24-cv-04034/pdf/USCOURTS-ksd-5_24-cv-04034-2.pdf (govinfo)
  ✓ ohsd-2026-kendle-mardis-v-dealer-loyalty-protection ← https://www.govinfo.gov/content/pkg/USCOURTS-ohsd-2_25-cv-01237/pdf/USCOURTS-ohsd-2_25-cv-01237-0.pdf (govinfo)
  ✓ cob-2026-mcdowell-v-turpen ← https://www.govinfo.gov/content/pkg/USCOURTS-cob-1_25-ap-01223/pdf/USCOURTS-cob-1_25-ap-01223-0.pdf (govinfo)
  ✓ paed-2026-nydia-rosario-v-liberty-mutual-personal-insurance ← https://www.govinfo.gov/content/pkg/USCOURTS-paed-2_26-cv-00276/pdf/USCOURTS-paed-2_26-cv-00276-0.pdf (govinfo)
  ✓ flsd-2026-lindsey-newell-v-the-law-offices-of-travis-r-walker ← https://www.govinfo.gov/content/pkg/USCOURTS-flsd-2_25-cv-14017/pdf/USCOURTS-flsd-2_25-cv-14017-0.pdf (govinfo)
  ✓ idd-2026-seifert-v-nationstar-mortgage ← https://www.govinfo.gov/content/pkg/USCOURTS-idd-4_25-cv-00645/pdf/USCOURTS-idd-4_25-cv-00645-0.pdf (govinfo)
  ✓ akd-2026-andre-legarza-v-northern-star ← https://www.govinfo.gov/content/pkg/USCOURTS-akd-3_24-cv-00007/pdf/USCOURTS-akd-3_24-cv-00007-0.pdf (govinfo)
federal: upgraded 122, not found 174; state/other rows queued for agents: 170 → work/resolve/state-queue.json
now: python pipeline/build_release.py --version <next> --push
